timestamp 2025-09-10T04:50:52+00:00
/proc/net/tcp6:   1: 0000000000000000FFFF000002001EAC:65C5 0000000000000000FFFF0000A507A8C0:C482 06 00000000:00000000 03:00000268 00000000     0        0 0 3 0000000085de9e7c
/proc/net/tcp6:   2: 0000000000000000FFFF000002001EAC:65C5 0000000000000000FFFF0000A507A8C0:9E5A 06 00000000:00000000 03:00000F9A 00000000     0        0 0 3 0000000041b34d54
timestamp 2025-09-10T04:50:54+00:00
/proc/net/tcp6:   1: 0000000000000000FFFF000002001EAC:65C5 0000000000000000FFFF0000A507A8C0:C482 06 00000000:00000000 03:00000194 00000000     0        0 0 3 0000000085de9e7c
/proc/net/tcp6:   2: 0000000000000000FFFF000002001EAC:65C5 0000000000000000FFFF0000A507A8C0:9E5A 06 00000000:00000000 03:00000EC6 00000000     0        0 0 3 0000000041b34d54
timestamp 2025-09-10T04:50:56+00:00
/proc/net/tcp6:   1: 0000000000000000FFFF000002001EAC:65C5 0000000000000000FFFF0000A507A8C0:C482 06 00000000:00000000 03:000000C0 00000000     0        0 0 3 0000000085de9e7c
/proc/net/tcp6:   2: 0000000000000000FFFF000002001EAC:65C5 0000000000000000FFFF0000A507A8C0:9E5A 06 00000000:00000000 03:00000DF2 00000000     0        0 0 3 0000000041b34d54
timestamp 2025-09-10T04:50:58+00:00
/proc/net/tcp6:   1: 0000000000000000FFFF000002001EAC:65C5 0000000000000000FFFF0000A507A8C0:C482 06 00000000:00000000 03:00000000 00000000     0        0 0 3 0000000085de9e7c
/proc/net/tcp6:   2: 0000000000000000FFFF000002001EAC:65C5 0000000000000000FFFF0000A507A8C0:9E5A 06 00000000:00000000 03:00000D1E 00000000     0        0 0 3 0000000041b34d54
timestamp 2025-09-10T04:51:00+00:00
/proc/net/tcp6:   1: 0000000000000000FFFF000002001EAC:65C5 0000000000000000FFFF0000A507A8C0:9E5A 06 00000000:00000000 03:00000C4A 00000000     0        0 0 3 0000000041b34d54
timestamp 2025-09-10T04:51:02+00:00
/proc/net/tcp6:   1: 0000000000000000FFFF000002001EAC:65C5 0000000000000000FFFF0000A507A8C0:9E5A 06 00000000:00000000 03:00000B76 00000000     0        0 0 3 0000000041b34d54
/proc/net/tcp6:   2: 0000000000000000FFFF000002001EAC:65C5 0000000000000000FFFF0000A507A8C0:8836 06 00000000:00000000 03:000016F2 00000000     0        0 0 3 0000000085de9e7c
timestamp 2025-09-10T04:51:04+00:00
/proc/net/tcp6:   1: 0000000000000000FFFF000002001EAC:65C5 0000000000000000FFFF0000A507A8C0:9E5A 06 00000000:00000000 03:00000AA2 00000000     0        0 0 3 0000000041b34d54
/proc/net/tcp6:   2: 0000000000000000FFFF000002001EAC:65C5 0000000000000000FFFF0000A507A8C0:8836 06 00000000:00000000 03:0000161F 00000000     0        0 0 3 0000000085de9e7c
